------------------------------------------------------------
Timing Analyzer Summary
------------------------------------------------------------

Type  : Slow 1100mV 85C Model Setup 'clock'
Slack : -1.676
TNS   : -75.312

Type  : Slow 1100mV 85C Model Hold 'clock'
Slack : 0.340
TNS   : 0.000

Type  : Slow 1100mV 85C Model Minimum Pulse Width 'clock'
Slack : -0.394
TNS   : -29.637

Type  : Slow 1100mV 0C Model Setup 'clock'
Slack : -1.671
TNS   : -74.884

Type  : Slow 1100mV 0C Model Hold 'clock'
Slack : 0.320
TNS   : 0.000

Type  : Slow 1100mV 0C Model Minimum Pulse Width 'clock'
Slack : -0.394
TNS   : -32.362

Type  : Fast 1100mV 85C Model Setup 'clock'
Slack : -0.601
TNS   : -20.320

Type  : Fast 1100mV 85C Model Hold 'clock'
Slack : 0.182
TNS   : 0.000

Type  : Fast 1100mV 85C Model Minimum Pulse Width 'clock'
Slack : -0.082
TNS   : -4.475

Type  : Fast 1100mV 0C Model Setup 'clock'
Slack : -0.486
TNS   : -16.193

Type  : Fast 1100mV 0C Model Hold 'clock'
Slack : 0.172
TNS   : 0.000

Type  : Fast 1100mV 0C Model Minimum Pulse Width 'clock'
Slack : -0.082
TNS   : -4.479

------------------------------------------------------------
